// Jest Snapshot v1, https://goo.gl/fbAQLP

exports[`<SignUpPage1/> SignUp Page renders correctly, test using Jest + Enzyme 1`] = `
<View
  style={
    Object {
      "alignItems": "center",
      "flex": 1,
      "justifyContent": "center",
    }
  }
>
  <Text
    style={
      Object {
        "alignSelf": "center",
        "flex": 0,
        "fontFamily": "Roboto",
        "fontSize": 26,
        "top": 50,
      }
    }
  >
    <Text
      style={
        Object {
          "color": "#4285F4",
        }
      }
    >
      F
    </Text>
    <Text
      style={
        Object {
          "color": "#DB4437",
        }
      }
    >
      u
    </Text>
    <Text
      style={
        Object {
          "color": "#F4B400",
        }
      }
    >
      n
    </Text>
    <Text
      style={
        Object {
          "color": "#4285F4",
        }
      }
    >
      d
    </Text>
    <Text
      style={
        Object {
          "color": "#0F9D58",
        }
      }
    >
      o
    </Text>
    <Text
      style={
        Object {
          "color": "#DB4437",
        }
      }
    >
      o
    </Text>
  </Text>
  <Text
    style={
      Object {
        "alignSelf": "center",
        "flex": 0,
        "fontSize": 27,
        "top": 50,
      }
    }
  >
    Create a Fundoo Account
  </Text>
  <Text
    style={
      Object {
        "alignSelf": "center",
        "flex": 0,
        "fontSize": 20,
        "top": 60,
      }
    }
  >
    Enter your name
  </Text>
  <View
    style={
      Object {
        "alignItems": "center",
        "flex": 9,
        "flexDirection": "column",
        "top": 100,
      }
    }
  >
    <View
      style={
        Object {
          "flex": 0,
          "width": 370,
        }
      }
    >
      <OutlinedTextField
        activeLineWidth={2}
        animationDuration={225}
        autoCapitalize="sentences"
        baseColor="rgba(0, 0, 0, .38)"
        disableFullscreenUI={true}
        disabled={false}
        disabledLineType="dotted"
        disabledLineWidth={0.5}
        editable={true}
        errorColor="red"
        fontSize={16}
        label="First name"
        labelFontSize={12}
        lineType="solid"
        lineWidth={1}
        onChangeText={[Function]}
        textColor="rgba(0, 0, 0, .87)"
        tintColor="rgb(0, 145, 234)"
        underlineColorAndroid="transparent"
        value=""
      />
    </View>
    <View
      style={
        Object {
          "flex": 0,
          "top": 15,
          "width": 370,
        }
      }
    >
      <OutlinedTextField
        activeLineWidth={2}
        animationDuration={225}
        autoCapitalize="sentences"
        baseColor="rgba(0, 0, 0, .38)"
        disableFullscreenUI={true}
        disabled={false}
        disabledLineType="dotted"
        disabledLineWidth={0.5}
        editable={true}
        errorColor="red"
        fontSize={16}
        label="Last name"
        labelFontSize={12}
        lineType="solid"
        lineWidth={1}
        onChangeText={[Function]}
        textColor="rgba(0, 0, 0, .87)"
        tintColor="rgb(0, 145, 234)"
        underlineColorAndroid="transparent"
        value=""
      />
    </View>
  </View>
  <View
    style={
      Object {
        "alignSelf": "flex-end",
        "flex": 0,
        "padding": 35,
        "width": 180,
      }
    }
  >
    <ForwardRef(Themed.Button)
      onPress={[Function]}
      title="Next"
    />
  </View>
</View>
`;
